{
    "fastq single-end - stub": {
        "content": [
            {
                "0": [
                    [
                        {
                            "id": "test",
                            "single_end": true
                        },
                        "test.fasta.gz:md5,68b329da9893e34099c7d8ad5cb9c940"
                    ]
                ],
                "fasta": [
                    [
                        {
                            "id": "test",
                            "single_end": true
                        },
                        "test.fasta.gz:md5,68b329da9893e34099c7d8ad5cb9c940"
                    ]
                ]
            }
        ],
        "timestamp": "2026-03-24T20:09:57.00936155",
        "meta": {
            "nf-test": "0.9.4",
            "nextflow": "25.10.4"
        }
    },
    "fasta_output": {
        "content": [
            [
                [
                    {
                        "id": "sample1",
                        "single_end": true
                    },
                    "sample1.fasta.gz:md5,d41d8cd98f00b204e9800998ecf8427e"
                ]
            ]
        ],
        "timestamp": "2026-03-24T19:09:40.342203008",
        "meta": {
            "nf-test": "0.9.2",
            "nextflow": "25.10.4"
        }
    }
}